###############################################################################
#
# IAR ELF Linker V2.20.1.176 for STM8                     02/Aug/2020  04:09:05
# Copyright 2010-2015 IAR Systems AB.
#
#    Output file  =  
#        C:\Users\thotr\Documents\IAR_Project\Egg_incubator\Debug\Exe\Egg_incubator.out
#    Map file     =  
#        C:\Users\thotr\Documents\IAR_Project\Egg_incubator\Debug\List\Egg_incubator.map
#    Command line =  
#        C:\Users\thotr\Documents\IAR_Project\Egg_incubator\Debug\Obj\main.o
#        C:\Users\thotr\Documents\IAR_Project\Egg_incubator\Debug\Obj\stm8s_adc1.o
#        C:\Users\thotr\Documents\IAR_Project\Egg_incubator\Debug\Obj\stm8s_awu.o
#        C:\Users\thotr\Documents\IAR_Project\Egg_incubator\Debug\Obj\stm8s_beep.o
#        C:\Users\thotr\Documents\IAR_Project\Egg_incubator\Debug\Obj\stm8s_clk.o
#        C:\Users\thotr\Documents\IAR_Project\Egg_incubator\Debug\Obj\stm8s_exti.o
#        C:\Users\thotr\Documents\IAR_Project\Egg_incubator\Debug\Obj\stm8s_flash.o
#        C:\Users\thotr\Documents\IAR_Project\Egg_incubator\Debug\Obj\stm8s_gpio.o
#        C:\Users\thotr\Documents\IAR_Project\Egg_incubator\Debug\Obj\stm8s_i2c.o
#        C:\Users\thotr\Documents\IAR_Project\Egg_incubator\Debug\Obj\stm8s_itc.o
#        C:\Users\thotr\Documents\IAR_Project\Egg_incubator\Debug\Obj\stm8s_iwdg.o
#        C:\Users\thotr\Documents\IAR_Project\Egg_incubator\Debug\Obj\stm8s_rst.o
#        C:\Users\thotr\Documents\IAR_Project\Egg_incubator\Debug\Obj\stm8s_spi.o
#        C:\Users\thotr\Documents\IAR_Project\Egg_incubator\Debug\Obj\stm8s_tim1.o
#        C:\Users\thotr\Documents\IAR_Project\Egg_incubator\Debug\Obj\stm8s_tim2.o
#        C:\Users\thotr\Documents\IAR_Project\Egg_incubator\Debug\Obj\stm8s_tim4.o
#        C:\Users\thotr\Documents\IAR_Project\Egg_incubator\Debug\Obj\stm8s_uart1.o
#        C:\Users\thotr\Documents\IAR_Project\Egg_incubator\Debug\Obj\stm8s_wwdg.o
#        --redirect _Printf=_PrintfFullNoMb --redirect _Scanf=_ScanfFullNoMb -o
#        C:\Users\thotr\Documents\IAR_Project\Egg_incubator\Debug\Exe\Egg_incubator.out
#        --map
#        C:\Users\thotr\Documents\IAR_Project\Egg_incubator\Debug\List\Egg_incubator.map
#        --config "C:\Program Files (x86)\IAR Systems\Embedded Workbench
#        7.3\stm8\config\lnkstm8s103f3.icf" --config_def _CSTACK_SIZE=0x100
#        --config_def _HEAP_SIZE=0x100 --entry __iar_program_start --debug_lib
#
###############################################################################

*******************************************************************************
*** RUNTIME MODEL ATTRIBUTES
***

__SystemLibrary            = DLib
__code_model               = small
__core                     = stm8
__data_model               = medium
__dlib_file_descriptor     = 0
__dlib_full_locale_support = 0
__rt_version               = 4


*******************************************************************************
*** PLACEMENT SUMMARY
***

"A1":  place at start of [0x000000-0x0000ff] { rw section .vregs };
"A2":  place at end of [0x000000-0x0003ff] { block CSTACK };
"P2":  place in [from 0x000000 to 0x0003ff] {
          block HEAP, rw section __DLIB_PERTHREAD, rw section .far.bss,
          rw section .far.data, rw section .far.noinit,
          rw section .far_func.textrw, rw section .huge.bss,
          rw section .huge.data, rw section .huge.noinit,
          rw section .huge_func.textrw, rw section .iar.dynexit,
          rw section .near.bss, rw section .near.data, rw section .near.noinit,
          rw section .near_func.textrw };
"A3":  place at start of [0x008000-0x009fff] { block INTVEC };
"P3":  place in [from 0x008000 to 0x009fff] {
          ro section __DLIB_PERTHREAD_init, ro section .far.data_init,
          ro section .far_func.textrw_init, ro section .huge.data_init,
          ro section .huge_func.textrw_init, ro section .iar.init_table,
          ro section .init_array, ro section .near.data_init,
          ro section .near.rodata, ro section .near_func.text,
          ro section .near_func.textrw_init, ro section .tiny.data_init,
          ro section .tiny.rodata_init };

  Section            Kind      Address    Size  Object
  -------            ----      -------    ----  ------
"A1":                                     0x10
  .vregs             uninit   0x000000    0x10  vregs.o [4]
                            - 0x000010    0x10

"P2":                                     0x1c
  P2-1                        0x000010    0x1c  <Init block>
    .near.data       inited   0x000010     0x1  main.o [1]
    .near.data       inited   0x000011     0x2  main.o [1]
    .near.data       inited   0x000013     0x2  main.o [1]
    .near.data       inited   0x000015     0x2  main.o [1]
    .near.data       inited   0x000017     0x2  main.o [1]
    .near.data       inited   0x000019     0xb  main.o [1]
    .near.bss        inited   0x000024     0x2  main.o [1]
    .near.bss        inited   0x000026     0x6  main.o [1]
                            - 0x00002c    0x1c

"A2":                                    0x100
  CSTACK                      0x000300   0x100  <Block>
    CSTACK           uninit   0x000300   0x100  <Block tail>
                            - 0x000400   0x100

"A3":                                     0x80
  INTVEC                      0x008000    0x80  <Block>
    .intvec          const    0x008000    0x80  interrupt.o [4]
                            - 0x008080    0x80

"P3":                                   0x1277
  .near_func.text    ro code  0x008080   0x226  stm8s_uart1.o [1]
  .near_func.text    ro code  0x0082a6   0x1d6  stm8s_i2c.o [1]
  .near_func.text    ro code  0x00847c   0x12b  long.o [4]
  .near_func.text    ro code  0x0085a7   0x105  vreg_util.o [4]
  .near_func.text    ro code  0x0086ac    0xde  stm8s_clk.o [1]
  .near_func.text    ro code  0x00878a    0xd6  stm8s_i2c.o [1]
  .near_func.text    ro code  0x008860    0xc3  stm8s_i2c.o [1]
  .near_func.text    ro code  0x008923    0xbb  main.o [1]
  .near_func.text    ro code  0x0089de    0x9e  stm8s_uart1.o [1]
  .near_func.text    ro code  0x008a7c    0x99  stm8s_tim1.o [1]
  .near_func.text    ro code  0x008b15    0x74  main.o [1]
  .near_func.text    ro code  0x008b89    0x60  stm8s_tim1.o [1]
  .near.rodata       const    0x008be9    0x5c  stm8s_uart1.o [1]
  .near.rodata       const    0x008c45    0x5b  stm8s_tim1.o [1]
  .near.rodata       const    0x008ca0    0x5a  stm8s_clk.o [1]
  .near.rodata       const    0x008cfa    0x5a  stm8s_i2c.o [1]
  .near_func.text    ro code  0x008d54    0x57  stm8s_clk.o [1]
  .near_func.text    ro code  0x008dab    0x4e  stm8s_tim1.o [1]
  .near_func.text    ro code  0x008df9    0x4a  main.o [1]
  .near_func.text    ro code  0x008e43    0x47  short.o [4]
  .near_func.text    ro code  0x008e8a    0x47  long_util.o [4]
  .near_func.text    ro code  0x008ed1    0x46  stm8s_i2c.o [1]
  .near_func.text    ro code  0x008f17    0x45  stm8s_i2c.o [1]
  .near_func.text    ro code  0x008f5c    0x42  main.o [1]
  .near_func.text    ro code  0x008f9e    0x3d  stm8s_clk.o [1]
  .near_func.text    ro code  0x008fdb    0x39  main.o [1]
  .near_func.text    ro code  0x009014    0x35  stm8s_tim1.o [1]
  .near_func.text    ro code  0x009049    0x33  main.o [1]
  .near_func.text    ro code  0x00907c    0x2f  stm8s_i2c.o [1]
  .near_func.text    ro code  0x0090ab    0x2f  stm8s_i2c.o [1]
  .near_func.text    ro code  0x0090da    0x2f  stm8s_i2c.o [1]
  .near_func.text    ro code  0x009109    0x2f  stm8s_tim1.o [1]
  .near_func.text    ro code  0x009138    0x2f  stm8s_tim1.o [1]
  .near_func.text    ro code  0x009167    0x2e  main.o [1]
  .near_func.text    ro code  0x009195    0x2d  stm8s_uart1.o [1]
  .near_func.text    ro code  0x0091c2    0x28  init_small.o [4]
  .near_func.text    ro code  0x0091ea    0x25  stm8s_i2c.o [1]
  .near_func.text    ro code  0x00920f    0x25  dc_util.o [4]
  .iar.init_table    const    0x009234     0xa  - Linker created -
  .near_func.text    ro code  0x00923e    0x1c  main.o [1]
  Initializer bytes  const    0x00925a    0x1c  <for P2-1>
  .near_func.text    ro code  0x009276    0x1b  main.o [1]
  .near_func.text    ro code  0x009291    0x17  init.o [4]
  .near_func.text    ro code  0x0092a8    0x14  __dbg_xxexit.o [3]
  .near_func.text    ro code  0x0092bc    0x13  cstartup.o [4]
  .near_func.text    ro code  0x0092cf     0x5  cexit.o [4]
  .near.rodata       const    0x0092d4     0x4  stm8s_clk.o [1]
  .near_func.text    ro code  0x0092d8     0x4  main.o [1]
  .near_func.text    ro code  0x0092dc     0x4  stm8s_i2c.o [1]
  .near_func.text    ro code  0x0092e0     0x4  stm8s_i2c.o [1]
  .near_func.text    ro code  0x0092e4     0x4  stm8s_uart1.o [1]
  .near_func.text    ro code  0x0092e8     0x3  interrupt.o [4]
  .near_func.text    ro code  0x0092eb     0x3  low_level_init.o [4]
  .near_func.text    ro code  0x0092ee     0x3  exit.o [4]
  .near_func.text    ro code  0x0092f1     0x3  unhandled_exception.o [4]
  .near_func.text    ro code  0x0092f4     0x2  main.o [1]
  .near_func.text    ro code  0x0092f6     0x1  __dbg_break.o [3]
                            - 0x0092f7  0x1277


*******************************************************************************
*** INIT TABLE
***

          Address   Size
          -------   ----
Copy (__iar_copy_init2)
    1 source range, total size 0x1c:
          0x00925a  0x1c
    1 destination range, total size 0x1c:
          0x000010  0x1c



*******************************************************************************
*** MODULE SUMMARY
***

    Module                 ro code  ro data  rw data
    ------                 -------  -------  -------
C:\Users\thotr\Documents\IAR_Project\Egg_incubator\Debug\Obj: [1]
    main.o                     658       28       28
    stm8s_clk.o                370       94
    stm8s_i2c.o              1 204       90
    stm8s_tim1.o               474       91
    stm8s_uart1.o              757       92
    ------------------------------------------------
    Total:                   3 463      395       28

command line: [2]
    ------------------------------------------------
    Total:

dbgstm8smd.a: [3]
    __dbg_break.o                1
    __dbg_xxexit.o              20
    ------------------------------------------------
    Total:                      21

dlstm8smn.a: [4]
    cexit.o                      5
    cstartup.o                  19
    dc_util.o                   37
    exit.o                       3
    init.o                      23
    init_small.o                40
    interrupt.o                  3      128
    long.o                     299
    long_util.o                 71
    low_level_init.o             3
    short.o                     71
    unhandled_exception.o        3
    vreg_util.o                261
    vregs.o                                       16
    ------------------------------------------------
    Total:                     838      128       16

    Linker created                       10      256
----------------------------------------------------
    Grand Total:             4 322      533      300


*******************************************************************************
*** ENTRY LIST
***

Entry                    Address   Size  Type      Object
-----                    -------   ----  ----      ------
.iar.init_table$$Base   0x009234          --   Gb  - Linker created -
.iar.init_table$$Limit  0x00923e          --   Gb  - Linker created -
?b0                     0x000000         Data  Gb  vregs.o [4]
?b1                     0x000001         Data  Gb  vregs.o [4]
?b10                    0x00000a         Data  Gb  vregs.o [4]
?b11                    0x00000b         Data  Gb  vregs.o [4]
?b12                    0x00000c         Data  Gb  vregs.o [4]
?b13                    0x00000d         Data  Gb  vregs.o [4]
?b14                    0x00000e         Data  Gb  vregs.o [4]
?b15                    0x00000f         Data  Gb  vregs.o [4]
?b2                     0x000002         Data  Gb  vregs.o [4]
?b3                     0x000003         Data  Gb  vregs.o [4]
?b4                     0x000004         Data  Gb  vregs.o [4]
?b5                     0x000005         Data  Gb  vregs.o [4]
?b6                     0x000006         Data  Gb  vregs.o [4]
?b7                     0x000007         Data  Gb  vregs.o [4]
?b8                     0x000008         Data  Gb  vregs.o [4]
?b9                     0x000009         Data  Gb  vregs.o [4]
?dc32_l0                0x00920f         Code  Gb  dc_util.o [4]
?dc32_l1                0x00921c         Code  Gb  dc_util.o [4]
?dc32_px                0x009229         Code  Gb  dc_util.o [4]
?e0                     0x000001         Data  Gb  vregs.o [4]
?e1                     0x000005         Data  Gb  vregs.o [4]
?e2                     0x000009         Data  Gb  vregs.o [4]
?e3                     0x00000d         Data  Gb  vregs.o [4]
?epilogue_l2            0x008642         Code  Gb  vreg_util.o [4]
?epilogue_l2_l3         0x00863f         Code  Gb  vreg_util.o [4]
?epilogue_l2_w6         0x008646         Code  Gb  vreg_util.o [4]
?epilogue_w4            0x00864d         Code  Gb  vreg_util.o [4]
?l0                     0x000000         Data  Gb  vregs.o [4]
?l1                     0x000004         Data  Gb  vregs.o [4]
?l2                     0x000008         Data  Gb  vregs.o [4]
?l3                     0x00000c         Data  Gb  vregs.o [4]
?load32_0x_l0           0x008ec3         Code  Gb  long_util.o [4]
?load32_asp_l0          0x008eb7         Code  Gb  long_util.o [4]
?load32_dbsp_l0         0x008eb2         Code  Gb  long_util.o [4]
?load32_l0_0x           0x008e9a         Code  Gb  long_util.o [4]
?load32_l0_asp          0x008e8f         Code  Gb  long_util.o [4]
?load32_l0_dbsp         0x008e8a         Code  Gb  long_util.o [4]
?load32_l0_xsp          0x008e91         Code  Gb  long_util.o [4]
?load32_l1_0x           0x008ea6         Code  Gb  long_util.o [4]
?load32_xsp_l0          0x008eb9         Code  Gb  long_util.o [4]
?mov_e0_e2              0x008654         Code  Gb  vreg_util.o [4]
?mov_e0_e3              0x008661         Code  Gb  vreg_util.o [4]
?mov_e1_e0              0x00866e         Code  Gb  vreg_util.o [4]
?mov_e1_e2              0x00867b         Code  Gb  vreg_util.o [4]
?mov_e1_e3              0x008688         Code  Gb  vreg_util.o [4]
?mov_e2_e0              0x008695         Code  Gb  vreg_util.o [4]
?mov_e3_e0              0x0086a2         Code  Gb  vreg_util.o [4]
?mov_l0_l2              0x008651         Code  Gb  vreg_util.o [4]
?mov_l0_l3              0x00865e         Code  Gb  vreg_util.o [4]
?mov_l1_l0              0x00866b         Code  Gb  vreg_util.o [4]
?mov_l1_l2              0x008678         Code  Gb  vreg_util.o [4]
?mov_l1_l3              0x008685         Code  Gb  vreg_util.o [4]
?mov_l2_l0              0x008692         Code  Gb  vreg_util.o [4]
?mov_l3_l0              0x00869f         Code  Gb  vreg_util.o [4]
?mov_w1_w5              0x008657         Code  Gb  vreg_util.o [4]
?mov_w1_w7              0x008664         Code  Gb  vreg_util.o [4]
?mov_w3_w1              0x008671         Code  Gb  vreg_util.o [4]
?mov_w3_w5              0x00867e         Code  Gb  vreg_util.o [4]
?mov_w3_w7              0x00868b         Code  Gb  vreg_util.o [4]
?mov_w5_w1              0x008698         Code  Gb  vreg_util.o [4]
?mov_w7_w1              0x0086a5         Code  Gb  vreg_util.o [4]
?mul16_x_x_w0           0x008e43         Code  Gb  short.o [4]
?mul32_l0_l0_0x         0x00849a         Code  Gb  long.o [4]
?mul32_l0_l0_dl         0x008497         Code  Gb  long.o [4]
?mul32_l0_l0_l1         0x0084a3         Code  Gb  long.o [4]
?pop_l0                 0x00860b         Code  Gb  vreg_util.o [4]
?pop_l1                 0x008616         Code  Gb  vreg_util.o [4]
?pop_l2                 0x008621         Code  Gb  vreg_util.o [4]
?pop_l3                 0x00862c         Code  Gb  vreg_util.o [4]
?pop_w4                 0x0085c4         Code  Gb  vreg_util.o [4]
?pop_w6                 0x0085cb         Code  Gb  vreg_util.o [4]
?push_l0                0x0085da         Code  Gb  vreg_util.o [4]
?push_l1                0x0085df         Code  Gb  vreg_util.o [4]
?push_l2                0x0085e4         Code  Gb  vreg_util.o [4]
?push_l3                0x0085e9         Code  Gb  vreg_util.o [4]
?push_w4                0x0085a7         Code  Gb  vreg_util.o [4]
?push_w6                0x0085ac         Code  Gb  vreg_util.o [4]
?sdiv16_x_x_y           0x008e61         Code  Gb  short.o [4]
?sll16_x_x_a            0x008e7a         Code  Gb  short.o [4]
?sll32_0x_0x_a          0x008599         Code  Gb  long.o [4]
?sll32_l0_l0_a          0x008596         Code  Gb  long.o [4]
?srl16_x_x_4            0x008e85         Code  Gb  short.o [4]
?srl16_x_x_5            0x008e84         Code  Gb  short.o [4]
?srl16_x_x_6            0x008e83         Code  Gb  short.o [4]
?srl16_x_x_7            0x008e82         Code  Gb  short.o [4]
?sub32_l0_l0_0x         0x00847f         Code  Gb  long.o [4]
?sub32_l0_l0_l1         0x00847c         Code  Gb  long.o [4]
?udiv32_l0_dl_l1        0x008521         Code  Gb  long.o [4]
?udiv32_l0_l0_dl        0x008526         Code  Gb  long.o [4]
?udiv32_l0_l0_l1        0x008529         Code  Gb  long.o [4]
?umod32_l1_l0_l1        0x008529         Code  Gb  long.o [4]
?w0                     0x000000         Data  Gb  vregs.o [4]
?w1                     0x000002         Data  Gb  vregs.o [4]
?w2                     0x000004         Data  Gb  vregs.o [4]
?w3                     0x000006         Data  Gb  vregs.o [4]
?w4                     0x000008         Data  Gb  vregs.o [4]
?w5                     0x00000a         Data  Gb  vregs.o [4]
?w6                     0x00000c         Data  Gb  vregs.o [4]
?w7                     0x00000e         Data  Gb  vregs.o [4]
CLK_Config              0x0092d8    0x4  Code  Lc  main.o [1]
CLK_GetClockFreq        0x008d54   0x57  Code  Gb  stm8s_clk.o [1]
CLK_HSIPrescalerConfig  0x008f9e   0x3d  Code  Gb  stm8s_clk.o [1]
CLK_PeripheralClockConfig
                        0x0086ac   0xde  Code  Gb  stm8s_clk.o [1]
CSTACK$$Base            0x000300          --   Gb  - Linker created -
CSTACK$$Limit           0x000400          --   Gb  - Linker created -
HSIDivFactor            0x0092d4    0x4  Data  Gb  stm8s_clk.o [1]
I2C_AcknowledgeConfig   0x008f17   0x45  Code  Gb  stm8s_i2c.o [1]
I2C_CheckEvent          0x00878a   0xd6  Code  Gb  stm8s_i2c.o [1]
I2C_Cmd                 0x00907c   0x2f  Code  Gb  stm8s_i2c.o [1]
I2C_Config              0x009167   0x2e  Code  Lc  main.o [1]
I2C_DeInit              0x0091ea   0x25  Code  Gb  stm8s_i2c.o [1]
I2C_GenerateSTART       0x0090ab   0x2f  Code  Gb  stm8s_i2c.o [1]
I2C_GenerateSTOP        0x0090da   0x2f  Code  Gb  stm8s_i2c.o [1]
I2C_GetFlagStatus       0x008860   0xc3  Code  Gb  stm8s_i2c.o [1]
I2C_Init                0x0082a6  0x1d6  Code  Gb  stm8s_i2c.o [1]
I2C_Receive             0x008923   0xbb  Code  Gb  main.o [1]
I2C_ReceiveData         0x0092dc    0x4  Code  Gb  stm8s_i2c.o [1]
I2C_Send7bitAddress     0x008ed1   0x46  Code  Gb  stm8s_i2c.o [1]
I2C_SendData            0x0092e0    0x4  Code  Gb  stm8s_i2c.o [1]
I2C_Transmit            0x008b15   0x74  Code  Gb  main.o [1]
INTVEC$$Base            0x008000          --   Gb  - Linker created -
INTVEC$$Limit           0x008080          --   Gb  - Linker created -
Region$$Table$$Base     0x009234          --   Gb  - Linker created -
Region$$Table$$Limit    0x00923e          --   Gb  - Linker created -
SHT30_Initialize        0x008e13   0x30  Code  Gb  main.o [1]
Send_UART               0x000019    0xb  Data  Gb  main.o [1]
TIM1_ARRPreloadConfig   0x009138   0x2f  Code  Gb  stm8s_tim1.o [1]
TIM1_ClearFlag          0x009014   0x35  Code  Gb  stm8s_tim1.o [1]
TIM1_Cmd                0x009109   0x2f  Code  Gb  stm8s_tim1.o [1]
TIM1_Config             0x009049   0x33  Code  Lc  main.o [1]
TIM1_DeInit             0x008a7c   0x99  Code  Gb  stm8s_tim1.o [1]
TIM1_ITConfig           0x008dab   0x4e  Code  Gb  stm8s_tim1.o [1]
TIM1_TimeBaseInit       0x008b89   0x60  Code  Gb  stm8s_tim1.o [1]
TIM1_UPD_OVF_TRG_BRK_IRQHandler
                        0x00923e   0x1c  Code  Gb  main.o [1]
UART1_DeInit            0x009195   0x2d  Code  Gb  stm8s_uart1.o [1]
UART1_GetFlagStatus     0x0089de   0x9e  Code  Gb  stm8s_uart1.o [1]
UART1_Init              0x008080  0x226  Code  Gb  stm8s_uart1.o [1]
UART1_SendData8         0x0092e4    0x4  Code  Gb  stm8s_uart1.o [1]
UART_Config             0x009276   0x1b  Code  Lc  main.o [1]
UART_Transmit           0x008fdb   0x39  Code  Gb  main.o [1]
__DebugBreak            0x0092f6    0x1  Code  Gb  __dbg_break.o [3]
__exit                  0x0092a8   0x14  Code  Gb  __dbg_xxexit.o [3]
__iar_copy_init2        0x0091c2         Code  Gb  init_small.o [4]
__iar_data_init2        0x009291   0x17  Code  Gb  init.o [4]
__iar_program_start     0x0092bc         Code  Gb  cstartup.o [4]
__iar_unhandled_exception
                        0x0092f1         Code  Gb  unhandled_exception.o [4]
__intvec                0x008000         Data  Gb  interrupt.o [4]
__low_level_init        0x0092eb    0x3  Code  Gb  low_level_init.o [4]
_exit                   0x0092cf         Code  Gb  cexit.o [4]
_interrupt_13           0x00923e         Code  Gb  main.o [1]
assert_failed           0x0092f4    0x2  Code  Gb  main.o [1]
break_cmd               0x000013    0x2  Data  Gb  main.o [1]
count                   0x000024    0x2  Data  Gb  main.o [1]
exit                    0x0092ee    0x3  Code  Gb  exit.o [4]
fetch                   0x000017    0x2  Data  Gb  main.o [1]
flag                    0x000010    0x1  Data  Gb  main.o [1]
main                    0x008f5c   0x42  Code  Gb  main.o [1]
periodic                0x000015    0x2  Data  Gb  main.o [1]
receive                 0x000026    0x6  Data  Gb  main.o [1]
simpleDelay             0x008df9   0x1a  Code  Gb  main.o [1]
soft_reset              0x000011    0x2  Data  Gb  main.o [1]


[1] = C:\Users\thotr\Documents\IAR_Project\Egg_incubator\Debug\Obj
[2] = command line
[3] = dbgstm8smd.a
[4] = dlstm8smn.a

  4 322 bytes of readonly  code memory
    533 bytes of readonly  data memory
    300 bytes of readwrite data memory

Errors: none
Warnings: none
