###############################################################################
#
# IAR ELF Linker V2.20.1.176 for STM8                     05/Aug/2020  20:18:04
# Copyright 2010-2015 IAR Systems AB.
#
#    Output file  =  
#        C:\Users\thotr\Documents\IAR_Project\Egg_incubator\Debug\Exe\Egg_incubator.out
#    Map file     =  
#        C:\Users\thotr\Documents\IAR_Project\Egg_incubator\Debug\List\Egg_incubator.map
#    Command line =  
#        C:\Users\thotr\Documents\IAR_Project\Egg_incubator\Debug\Obj\main.o
#        C:\Users\thotr\Documents\IAR_Project\Egg_incubator\Debug\Obj\stm8s_adc1.o
#        C:\Users\thotr\Documents\IAR_Project\Egg_incubator\Debug\Obj\stm8s_awu.o
#        C:\Users\thotr\Documents\IAR_Project\Egg_incubator\Debug\Obj\stm8s_beep.o
#        C:\Users\thotr\Documents\IAR_Project\Egg_incubator\Debug\Obj\stm8s_clk.o
#        C:\Users\thotr\Documents\IAR_Project\Egg_incubator\Debug\Obj\stm8s_exti.o
#        C:\Users\thotr\Documents\IAR_Project\Egg_incubator\Debug\Obj\stm8s_flash.o
#        C:\Users\thotr\Documents\IAR_Project\Egg_incubator\Debug\Obj\stm8s_gpio.o
#        C:\Users\thotr\Documents\IAR_Project\Egg_incubator\Debug\Obj\stm8s_i2c.o
#        C:\Users\thotr\Documents\IAR_Project\Egg_incubator\Debug\Obj\stm8s_itc.o
#        C:\Users\thotr\Documents\IAR_Project\Egg_incubator\Debug\Obj\stm8s_iwdg.o
#        C:\Users\thotr\Documents\IAR_Project\Egg_incubator\Debug\Obj\stm8s_rst.o
#        C:\Users\thotr\Documents\IAR_Project\Egg_incubator\Debug\Obj\stm8s_spi.o
#        C:\Users\thotr\Documents\IAR_Project\Egg_incubator\Debug\Obj\stm8s_tim1.o
#        C:\Users\thotr\Documents\IAR_Project\Egg_incubator\Debug\Obj\stm8s_tim2.o
#        C:\Users\thotr\Documents\IAR_Project\Egg_incubator\Debug\Obj\stm8s_tim4.o
#        C:\Users\thotr\Documents\IAR_Project\Egg_incubator\Debug\Obj\stm8s_uart1.o
#        C:\Users\thotr\Documents\IAR_Project\Egg_incubator\Debug\Obj\stm8s_wwdg.o
#        --redirect _Printf=_PrintfFullNoMb --redirect _Scanf=_ScanfFullNoMb -o
#        C:\Users\thotr\Documents\IAR_Project\Egg_incubator\Debug\Exe\Egg_incubator.out
#        --map
#        C:\Users\thotr\Documents\IAR_Project\Egg_incubator\Debug\List\Egg_incubator.map
#        --config "C:\Program Files (x86)\IAR Systems\Embedded Workbench
#        7.3\stm8\config\lnkstm8s103f3.icf" --config_def _CSTACK_SIZE=0x100
#        --config_def _HEAP_SIZE=0x100 --entry __iar_program_start --debug_lib
#
###############################################################################

*******************************************************************************
*** RUNTIME MODEL ATTRIBUTES
***

__SystemLibrary            = DLib
__code_model               = small
__core                     = stm8
__data_model               = medium
__dlib_file_descriptor     = 0
__dlib_full_locale_support = 0
__rt_version               = 4


*******************************************************************************
*** PLACEMENT SUMMARY
***

"A1":  place at start of [0x000000-0x0000ff] { rw section .vregs };
"A2":  place at end of [0x000000-0x0003ff] { block CSTACK };
"P2":  place in [from 0x000000 to 0x0003ff] {
          block HEAP, rw section __DLIB_PERTHREAD, rw section .far.bss,
          rw section .far.data, rw section .far.noinit,
          rw section .far_func.textrw, rw section .huge.bss,
          rw section .huge.data, rw section .huge.noinit,
          rw section .huge_func.textrw, rw section .iar.dynexit,
          rw section .near.bss, rw section .near.data, rw section .near.noinit,
          rw section .near_func.textrw };
"A3":  place at start of [0x008000-0x009fff] { block INTVEC };
"P3":  place in [from 0x008000 to 0x009fff] {
          ro section __DLIB_PERTHREAD_init, ro section .far.data_init,
          ro section .far_func.textrw_init, ro section .huge.data_init,
          ro section .huge_func.textrw_init, ro section .iar.init_table,
          ro section .init_array, ro section .near.data_init,
          ro section .near.rodata, ro section .near_func.text,
          ro section .near_func.textrw_init, ro section .tiny.data_init,
          ro section .tiny.rodata_init };

  Section            Kind      Address    Size  Object
  -------            ----      -------    ----  ------
"A1":                                     0x10
  .vregs             uninit   0x000000    0x10  vregs.o [4]
                            - 0x000010    0x10

"P2", part 1 of 2:                        0x1a
  P2-1                        0x000010    0x1a  <Init block>
    .near.data       inited   0x000010     0x1  main.o [1]
    .near.data       inited   0x000011     0x4  main.o [1]
    .near.data       inited   0x000015     0x4  main.o [1]
    .near.data       inited   0x000019     0x4  main.o [1]
    .near.data       inited   0x00001d     0x4  main.o [1]
    .near.data       inited   0x000021     0x1  main.o [1]
    .near.data       inited   0x000022     0x2  main.o [1]
    .near.data       inited   0x000024     0x2  main.o [1]
    .near.data       inited   0x000026     0x2  main.o [1]
    .near.data       inited   0x000028     0x2  main.o [1]
                            - 0x00002a    0x1a

"P2", part 2 of 2:                        0x26
  .near.bss          zero     0x00002a     0xb  main.o [1]
  .near.bss          zero     0x000035     0x8  main.o [1]
  .near.bss          zero     0x00003d     0x6  main.o [1]
  .near.bss          zero     0x000043     0x4  main.o [1]
  .near.bss          zero     0x000047     0x4  main.o [1]
  .near.bss          zero     0x00004b     0x1  main.o [1]
  .near.bss          zero     0x00004c     0x1  main.o [1]
  .near.bss          zero     0x00004d     0x1  main.o [1]
  .near.bss          zero     0x00004e     0x1  main.o [1]
  .near.bss          zero     0x00004f     0x1  main.o [1]
                            - 0x000050    0x26

"A2":                                    0x100
  CSTACK                      0x000300   0x100  <Block>
    CSTACK           uninit   0x000300   0x100  <Block tail>
                            - 0x000400   0x100

"A3":                                     0x80
  INTVEC                      0x008000    0x80  <Block>
    .intvec          const    0x008000    0x80  interrupt.o [4]
                            - 0x008080    0x80

"P3":                                   0x1ce4
  .near_func.text    ro code  0x008080   0x3ab  float.o [4]
  .near_func.text    ro code  0x00842b   0x226  stm8s_uart1.o [1]
  .near_func.text    ro code  0x008651   0x1d6  stm8s_i2c.o [1]
  .near_func.text    ro code  0x008827   0x12b  long.o [4]
  .near_func.text    ro code  0x008952   0x124  vreg_util.o [4]
  .near_func.text    ro code  0x008a76   0x114  stm8s_gpio.o [1]
  .near_func.text    ro code  0x008b8a    0xde  stm8s_clk.o [1]
  .near_func.text    ro code  0x008c68    0xd6  stm8s_i2c.o [1]
  .near_func.text    ro code  0x008d3e    0xd0  stm8s_uart1.o [1]
  .near_func.text    ro code  0x008e0e    0xc3  main.o [1]
  .near_func.text    ro code  0x008ed1    0xc3  stm8s_i2c.o [1]
  .near_func.text    ro code  0x008f94    0xbe  main.o [1]
  .near_func.text    ro code  0x009052    0xbb  main.o [1]
  .near_func.text    ro code  0x00910d    0xae  main.o [1]
  .near_func.text    ro code  0x0091bb    0x9e  stm8s_uart1.o [1]
  .near_func.text    ro code  0x009259    0x9c  main.o [1]
  .near_func.text    ro code  0x0092f5    0x99  stm8s_tim1.o [1]
  .near_func.text    ro code  0x00938e    0x74  main.o [1]
  .near_func.text    ro code  0x009402    0x70  main.o [1]
  .near_func.text    ro code  0x009472    0x69  main.o [1]
  .near_func.text    ro code  0x0094db    0x63  long_util.o [4]
  .near_func.text    ro code  0x00953e    0x60  stm8s_tim1.o [1]
  .near.rodata       const    0x00959e    0x5c  stm8s_uart1.o [1]
  .near.rodata       const    0x0095fa    0x5b  stm8s_gpio.o [1]
  .near.rodata       const    0x009655    0x5b  stm8s_tim1.o [1]
  .near.rodata       const    0x0096b0    0x5a  stm8s_clk.o [1]
  .near.rodata       const    0x00970a    0x5a  stm8s_i2c.o [1]
  .near_func.text    ro code  0x009764    0x57  stm8s_clk.o [1]
  .near_func.text    ro code  0x0097bb    0x4e  stm8s_tim1.o [1]
  .near_func.text    ro code  0x009809    0x47  short.o [4]
  .near_func.text    ro code  0x009850    0x46  main.o [1]
  .near_func.text    ro code  0x009896    0x46  stm8s_i2c.o [1]
  .near_func.text    ro code  0x0098dc    0x45  stm8s_i2c.o [1]
  .near_func.text    ro code  0x009921    0x3d  stm8s_clk.o [1]
  .near_func.text    ro code  0x00995e    0x3b  main.o [1]
  .near_func.text    ro code  0x009999    0x3a  main.o [1]
  .near_func.text    ro code  0x0099d3    0x39  main.o [1]
  .near_func.text    ro code  0x009a0c    0x36  stm8s_uart1.o [1]
  .near_func.text    ro code  0x009a42    0x35  stm8s_tim1.o [1]
  .near_func.text    ro code  0x009a77    0x33  main.o [1]
  .near_func.text    ro code  0x009aaa    0x2f  stm8s_i2c.o [1]
  .near_func.text    ro code  0x009ad9    0x2f  stm8s_i2c.o [1]
  .near_func.text    ro code  0x009b08    0x2f  stm8s_i2c.o [1]
  .near_func.text    ro code  0x009b37    0x2f  stm8s_tim1.o [1]
  .near_func.text    ro code  0x009b66    0x2f  stm8s_tim1.o [1]
  .near_func.text    ro code  0x009b95    0x2e  main.o [1]
  .near_func.text    ro code  0x009bc3    0x2d  stm8s_uart1.o [1]
  .near_func.text    ro code  0x009bf0    0x2a  main.o [1]
  .near_func.text    ro code  0x009c1a    0x28  init_small.o [4]
  .near_func.text    ro code  0x009c42    0x25  stm8s_i2c.o [1]
  .near_func.text    ro code  0x009c67    0x25  dc_util.o [4]
  .iar.init_table    const    0x009c8c    0x12  - Linker created -
  .near_func.text    ro code  0x009c9e    0x1e  init_small.o [4]
  Initializer bytes  const    0x009cbc    0x1a  <for P2-1>
  .near_func.text    ro code  0x009cd6    0x17  init.o [4]
  .near_func.text    ro code  0x009ced    0x14  __dbg_xxexit.o [3]
  .near_func.text    ro code  0x009d01    0x13  cstartup.o [4]
  .near_func.text    ro code  0x009d14     0xd  stm8s_uart1.o [1]
  .near_func.text    ro code  0x009d21     0xc  main.o [1]
  .near_func.text    ro code  0x009d2d     0x7  stm8s_gpio.o [1]
  .near_func.text    ro code  0x009d34     0x5  cexit.o [4]
  .near.rodata       const    0x009d39     0x4  stm8s_clk.o [1]
  .near_func.text    ro code  0x009d3d     0x4  main.o [1]
  .near_func.text    ro code  0x009d41     0x4  stm8s_gpio.o [1]
  .near_func.text    ro code  0x009d45     0x4  stm8s_i2c.o [1]
  .near_func.text    ro code  0x009d49     0x4  stm8s_i2c.o [1]
  .near_func.text    ro code  0x009d4d     0x4  stm8s_uart1.o [1]
  .near_func.text    ro code  0x009d51     0x4  stm8s_uart1.o [1]
  .near_func.text    ro code  0x009d55     0x3  interrupt.o [4]
  .near_func.text    ro code  0x009d58     0x3  low_level_init.o [4]
  .near_func.text    ro code  0x009d5b     0x3  exit.o [4]
  .near_func.text    ro code  0x009d5e     0x3  unhandled_exception.o [4]
  .near_func.text    ro code  0x009d61     0x2  main.o [1]
  .near_func.text    ro code  0x009d63     0x1  __dbg_break.o [3]
                            - 0x009d64  0x1ce4


*******************************************************************************
*** INIT TABLE
***

          Address   Size
          -------   ----
Zero (__iar_zero_init2)
    1 destination range, total size 0x26:
          0x00002a  0x26

Copy (__iar_copy_init2)
    1 source range, total size 0x1a:
          0x009cbc  0x1a
    1 destination range, total size 0x1a:
          0x000010  0x1a



*******************************************************************************
*** MODULE SUMMARY
***

    Module                 ro code  ro data  rw data
    ------                 -------  -------  -------
C:\Users\thotr\Documents\IAR_Project\Egg_incubator\Debug\Obj: [1]
    main.o                   1 636       26       64
    stm8s_clk.o                370       94
    stm8s_gpio.o               287       91
    stm8s_i2c.o              1 204       90
    stm8s_tim1.o               474       91
    stm8s_uart1.o            1 036       92
    ------------------------------------------------
    Total:                   5 007      484       64

command line: [2]
    ------------------------------------------------
    Total:

dbgstm8smd.a: [3]
    __dbg_break.o                1
    __dbg_xxexit.o              20
    ------------------------------------------------
    Total:                      21

dlstm8smn.a: [4]
    cexit.o                      5
    cstartup.o                  19
    dc_util.o                   37
    exit.o                       3
    float.o                    939
    init.o                      23
    init_small.o                70
    interrupt.o                  3      128
    long.o                     299
    long_util.o                 99
    low_level_init.o             3
    short.o                     71
    unhandled_exception.o        3
    vreg_util.o                292
    vregs.o                                       16
    ------------------------------------------------
    Total:                   1 866      128       16

    Linker created                       18      256
----------------------------------------------------
    Grand Total:             6 894      630      336


*******************************************************************************
*** ENTRY LIST
***

Entry                    Address   Size  Type      Object
-----                    -------   ----  ----      ------
.iar.init_table$$Base   0x009c8c          --   Gb  - Linker created -
.iar.init_table$$Limit  0x009c9e          --   Gb  - Linker created -
?b0                     0x000000         Data  Gb  vregs.o [4]
?b1                     0x000001         Data  Gb  vregs.o [4]
?b10                    0x00000a         Data  Gb  vregs.o [4]
?b11                    0x00000b         Data  Gb  vregs.o [4]
?b12                    0x00000c         Data  Gb  vregs.o [4]
?b13                    0x00000d         Data  Gb  vregs.o [4]
?b14                    0x00000e         Data  Gb  vregs.o [4]
?b15                    0x00000f         Data  Gb  vregs.o [4]
?b2                     0x000002         Data  Gb  vregs.o [4]
?b3                     0x000003         Data  Gb  vregs.o [4]
?b4                     0x000004         Data  Gb  vregs.o [4]
?b5                     0x000005         Data  Gb  vregs.o [4]
?b6                     0x000006         Data  Gb  vregs.o [4]
?b7                     0x000007         Data  Gb  vregs.o [4]
?b8                     0x000008         Data  Gb  vregs.o [4]
?b9                     0x000009         Data  Gb  vregs.o [4]
?dc32_l0                0x009c67         Code  Gb  dc_util.o [4]
?dc32_l1                0x009c74         Code  Gb  dc_util.o [4]
?dc32_px                0x009c81         Code  Gb  dc_util.o [4]
?e0                     0x000001         Data  Gb  vregs.o [4]
?e1                     0x000005         Data  Gb  vregs.o [4]
?e2                     0x000009         Data  Gb  vregs.o [4]
?e3                     0x00000d         Data  Gb  vregs.o [4]
?epilogue_l2            0x0089f2         Code  Gb  vreg_util.o [4]
?epilogue_l2_l3         0x0089ef         Code  Gb  vreg_util.o [4]
?epilogue_l2_w6         0x0089f6         Code  Gb  vreg_util.o [4]
?epilogue_w4            0x0089fd         Code  Gb  vreg_util.o [4]
?fadd32_l0_l0_dc32      0x00809d         Code  Gb  float.o [4]
?fadd32_l0_l0_l1        0x0080a2         Code  Gb  float.o [4]
?fcastf32u16_l0_x       0x008320         Code  Gb  float.o [4]
?fcmpge32_c_l0_0x       0x0082c3         Code  Gb  float.o [4]
?fcmplt32_c_l0_0x       0x0082ca         Code  Gb  float.o [4]
?fcmplt32_c_l0_l1       0x0082c7         Code  Gb  float.o [4]
?fdiv32_l0_l0_dc32      0x008210         Code  Gb  float.o [4]
?fdiv32_l0_l0_l1        0x008215         Code  Gb  float.o [4]
?fmul32_l0_l0_dc32      0x008170         Code  Gb  float.o [4]
?fmul32_l0_l0_l1        0x008175         Code  Gb  float.o [4]
?l0                     0x000000         Data  Gb  vregs.o [4]
?l1                     0x000004         Data  Gb  vregs.o [4]
?l2                     0x000008         Data  Gb  vregs.o [4]
?l3                     0x00000c         Data  Gb  vregs.o [4]
?load32_0x_l0           0x009530         Code  Gb  long_util.o [4]
?load32_asp_l0          0x009524         Code  Gb  long_util.o [4]
?load32_dbsp_l0         0x00951f         Code  Gb  long_util.o [4]
?load32_l0_0x           0x0094eb         Code  Gb  long_util.o [4]
?load32_l0_asp          0x0094e0         Code  Gb  long_util.o [4]
?load32_l0_dbsp         0x0094db         Code  Gb  long_util.o [4]
?load32_l0_xsp          0x0094e2         Code  Gb  long_util.o [4]
?load32_l1_0x           0x0094f7         Code  Gb  long_util.o [4]
?load32_l3_0x           0x009513         Code  Gb  long_util.o [4]
?load32_l3_asp          0x009508         Code  Gb  long_util.o [4]
?load32_l3_dbsp         0x009503         Code  Gb  long_util.o [4]
?load32_l3_xsp          0x00950a         Code  Gb  long_util.o [4]
?load32_xsp_l0          0x009526         Code  Gb  long_util.o [4]
?mov_e0_e1              0x008a04         Code  Gb  vreg_util.o [4]
?mov_e0_e2              0x008a11         Code  Gb  vreg_util.o [4]
?mov_e0_e3              0x008a1e         Code  Gb  vreg_util.o [4]
?mov_e1_e0              0x008a2b         Code  Gb  vreg_util.o [4]
?mov_e1_e2              0x008a38         Code  Gb  vreg_util.o [4]
?mov_e1_e3              0x008a45         Code  Gb  vreg_util.o [4]
?mov_e2_e0              0x008a52         Code  Gb  vreg_util.o [4]
?mov_e2_e1              0x008a5f         Code  Gb  vreg_util.o [4]
?mov_e3_e0              0x008a6c         Code  Gb  vreg_util.o [4]
?mov_l0_l1              0x008a01         Code  Gb  vreg_util.o [4]
?mov_l0_l2              0x008a0e         Code  Gb  vreg_util.o [4]
?mov_l0_l3              0x008a1b         Code  Gb  vreg_util.o [4]
?mov_l1_l0              0x008a28         Code  Gb  vreg_util.o [4]
?mov_l1_l2              0x008a35         Code  Gb  vreg_util.o [4]
?mov_l1_l3              0x008a42         Code  Gb  vreg_util.o [4]
?mov_l2_l0              0x008a4f         Code  Gb  vreg_util.o [4]
?mov_l2_l1              0x008a5c         Code  Gb  vreg_util.o [4]
?mov_l3_l0              0x008a69         Code  Gb  vreg_util.o [4]
?mov_w1_w3              0x008a07         Code  Gb  vreg_util.o [4]
?mov_w1_w5              0x008a14         Code  Gb  vreg_util.o [4]
?mov_w1_w7              0x008a21         Code  Gb  vreg_util.o [4]
?mov_w3_w1              0x008a2e         Code  Gb  vreg_util.o [4]
?mov_w3_w5              0x008a3b         Code  Gb  vreg_util.o [4]
?mov_w3_w7              0x008a48         Code  Gb  vreg_util.o [4]
?mov_w5_w1              0x008a55         Code  Gb  vreg_util.o [4]
?mov_w5_w3              0x008a62         Code  Gb  vreg_util.o [4]
?mov_w7_w1              0x008a6f         Code  Gb  vreg_util.o [4]
?mul16_x_x_w0           0x009809         Code  Gb  short.o [4]
?mul32_l0_l0_0x         0x008845         Code  Gb  long.o [4]
?mul32_l0_l0_dl         0x008842         Code  Gb  long.o [4]
?mul32_l0_l0_l1         0x00884e         Code  Gb  long.o [4]
?pop_l0                 0x0089bb         Code  Gb  vreg_util.o [4]
?pop_l1                 0x0089c6         Code  Gb  vreg_util.o [4]
?pop_l2                 0x0089d1         Code  Gb  vreg_util.o [4]
?pop_l3                 0x0089dc         Code  Gb  vreg_util.o [4]
?pop_w4                 0x008974         Code  Gb  vreg_util.o [4]
?pop_w6                 0x00897b         Code  Gb  vreg_util.o [4]
?push_l0                0x00898a         Code  Gb  vreg_util.o [4]
?push_l1                0x00898f         Code  Gb  vreg_util.o [4]
?push_l2                0x008994         Code  Gb  vreg_util.o [4]
?push_l3                0x008999         Code  Gb  vreg_util.o [4]
?push_w0                0x008952         Code  Gb  vreg_util.o [4]
?push_w4                0x008957         Code  Gb  vreg_util.o [4]
?push_w6                0x00895c         Code  Gb  vreg_util.o [4]
?sdiv16_x_x_y           0x009827         Code  Gb  short.o [4]
?sll16_x_x_a            0x009840         Code  Gb  short.o [4]
?sll32_0x_0x_a          0x008944         Code  Gb  long.o [4]
?sll32_l0_l0_a          0x008941         Code  Gb  long.o [4]
?srl16_x_x_4            0x00984b         Code  Gb  short.o [4]
?srl16_x_x_5            0x00984a         Code  Gb  short.o [4]
?srl16_x_x_6            0x009849         Code  Gb  short.o [4]
?srl16_x_x_7            0x009848         Code  Gb  short.o [4]
?sub32_l0_l0_0x         0x00882a         Code  Gb  long.o [4]
?sub32_l0_l0_l1         0x008827         Code  Gb  long.o [4]
?udiv32_l0_dl_l1        0x0088cc         Code  Gb  long.o [4]
?udiv32_l0_l0_dl        0x0088d1         Code  Gb  long.o [4]
?udiv32_l0_l0_l1        0x0088d4         Code  Gb  long.o [4]
?umod32_l1_l0_l1        0x0088d4         Code  Gb  long.o [4]
?w0                     0x000000         Data  Gb  vregs.o [4]
?w1                     0x000002         Data  Gb  vregs.o [4]
?w2                     0x000004         Data  Gb  vregs.o [4]
?w3                     0x000006         Data  Gb  vregs.o [4]
?w4                     0x000008         Data  Gb  vregs.o [4]
?w5                     0x00000a         Data  Gb  vregs.o [4]
?w6                     0x00000c         Data  Gb  vregs.o [4]
?w7                     0x00000e         Data  Gb  vregs.o [4]
ACK_to_send             0x00004b    0x1  Data  Gb  main.o [1]
CLK_Config              0x009d3d    0x4  Code  Lc  main.o [1]
CLK_GetClockFreq        0x009764   0x57  Code  Gb  stm8s_clk.o [1]
CLK_HSIPrescalerConfig  0x009921   0x3d  Code  Gb  stm8s_clk.o [1]
CLK_PeripheralClockConfig
                        0x008b8a   0xde  Code  Gb  stm8s_clk.o [1]
CSTACK$$Base            0x000300          --   Gb  - Linker created -
CSTACK$$Limit           0x000400          --   Gb  - Linker created -
GPIO_Config             0x009d21    0xc  Code  Lc  main.o [1]
GPIO_Init               0x008a76  0x114  Code  Gb  stm8s_gpio.o [1]
GPIO_WriteHigh          0x009d2d    0x7  Code  Gb  stm8s_gpio.o [1]
GPIO_WriteLow           0x009d41    0x4  Code  Gb  stm8s_gpio.o [1]
HSIDivFactor            0x009d39    0x4  Data  Gb  stm8s_clk.o [1]
I2C_AcknowledgeConfig   0x0098dc   0x45  Code  Gb  stm8s_i2c.o [1]
I2C_CheckEvent          0x008c68   0xd6  Code  Gb  stm8s_i2c.o [1]
I2C_Cmd                 0x009aaa   0x2f  Code  Gb  stm8s_i2c.o [1]
I2C_Config              0x009b95   0x2e  Code  Lc  main.o [1]
I2C_DeInit              0x009c42   0x25  Code  Gb  stm8s_i2c.o [1]
I2C_GenerateSTART       0x009ad9   0x2f  Code  Gb  stm8s_i2c.o [1]
I2C_GenerateSTOP        0x009b08   0x2f  Code  Gb  stm8s_i2c.o [1]
I2C_GetFlagStatus       0x008ed1   0xc3  Code  Gb  stm8s_i2c.o [1]
I2C_Init                0x008651  0x1d6  Code  Gb  stm8s_i2c.o [1]
I2C_Receive             0x009052   0xbb  Code  Gb  main.o [1]
I2C_ReceiveData         0x009d45    0x4  Code  Gb  stm8s_i2c.o [1]
I2C_Send7bitAddress     0x009896   0x46  Code  Gb  stm8s_i2c.o [1]
I2C_SendData            0x009d49    0x4  Code  Gb  stm8s_i2c.o [1]
I2C_Transmit            0x008fae   0x74  Code  Gb  main.o [1]
INTVEC$$Base            0x008000          --   Gb  - Linker created -
INTVEC$$Limit           0x008080          --   Gb  - Linker created -
Pack_data_to_send_UART  0x00995e   0x3b  Code  Gb  main.o [1]
Process_UART_received   0x008e0e   0xc3  Code  Gb  main.o [1]
Receive_UART            0x000035    0x8  Data  Lc  main.o [1]
Receive_error           0x00004e    0x1  Data  Gb  main.o [1]
Region$$Table$$Base     0x009c8c          --   Gb  - Linker created -
Region$$Table$$Limit    0x009c9e          --   Gb  - Linker created -
RxCounter1              0x00004c    0x1  Data  Gb  main.o [1]
SHT30_Initialize        0x009022   0x30  Code  Gb  main.o [1]
Send_UART               0x00002a    0xb  Data  Lc  main.o [1]
TIM1_ARRPreloadConfig   0x009b66   0x2f  Code  Gb  stm8s_tim1.o [1]
TIM1_ClearFlag          0x009a42   0x35  Code  Gb  stm8s_tim1.o [1]
TIM1_Cmd                0x009b37   0x2f  Code  Gb  stm8s_tim1.o [1]
TIM1_Config             0x009a77   0x33  Code  Lc  main.o [1]
TIM1_DeInit             0x0092f5   0x99  Code  Gb  stm8s_tim1.o [1]
TIM1_ITConfig           0x0097bb   0x4e  Code  Gb  stm8s_tim1.o [1]
TIM1_TimeBaseInit       0x00953e   0x60  Code  Gb  stm8s_tim1.o [1]
TIM1_UPD_OVF_TRG_BRK_IRQHandler
                        0x009999   0x3a  Code  Gb  main.o [1]
UART1_ClearFlag         0x009a0c   0x36  Code  Gb  stm8s_uart1.o [1]
UART1_Cmd               0x009d14    0xd  Code  Gb  stm8s_uart1.o [1]
UART1_DeInit            0x009bc3   0x2d  Code  Gb  stm8s_uart1.o [1]
UART1_GetFlagStatus     0x0091bb   0x9e  Code  Gb  stm8s_uart1.o [1]
UART1_ITConfig          0x008d3e   0xd0  Code  Gb  stm8s_uart1.o [1]
UART1_Init              0x00842b  0x226  Code  Gb  stm8s_uart1.o [1]
UART1_RX_IRQHandler     0x00938e   0x74  Code  Gb  main.o [1]
UART1_ReceiveData8      0x009d4d    0x4  Code  Gb  stm8s_uart1.o [1]
UART1_SendData8         0x009d51    0x4  Code  Gb  stm8s_uart1.o [1]
UART_Config             0x009bf0   0x2a  Code  Lc  main.o [1]
UART_Transmit           0x0099d3   0x39  Code  Gb  main.o [1]
__DebugBreak            0x009d63    0x1  Code  Gb  __dbg_break.o [3]
__exit                  0x009ced   0x14  Code  Gb  __dbg_xxexit.o [3]
__iar_copy_init2        0x009c1a         Code  Gb  init_small.o [4]
__iar_data_init2        0x009cd6   0x17  Code  Gb  init.o [4]
__iar_program_start     0x009d01         Code  Gb  cstartup.o [4]
__iar_unhandled_exception
                        0x009d5e         Code  Gb  unhandled_exception.o [4]
__iar_zero_init2        0x009c9e         Code  Gb  init_small.o [4]
__intvec                0x008000         Data  Gb  interrupt.o [4]
__low_level_init        0x009d58    0x3  Code  Gb  low_level_init.o [4]
_exit                   0x009d34         Code  Gb  cexit.o [4]
_interrupt_13           0x009999         Code  Gb  main.o [1]
_interrupt_20           0x00938e         Code  Gb  main.o [1]
assert_failed           0x009d61    0x2  Code  Gb  main.o [1]
auto_mode               0x000021    0x1  Data  Gb  main.o [1]
break_cmd               0x000024    0x2  Data  Gb  main.o [1]
calculate_humidity      0x009472   0x69  Code  Lc  main.o [1]
calculate_temperature   0x009402   0x70  Code  Lc  main.o [1]
control_on_off          0x00910d   0xae  Code  Gb  main.o [1]
crc8                    0x009850   0x46  Code  Lc  main.o [1]
exit                    0x009d5b    0x3  Code  Gb  exit.o [4]
fetch                   0x000028    0x2  Data  Gb  main.o [1]
flag                    0x000010    0x1  Data  Gb  main.o [1]
humidity                0x000043    0x4  Data  Gb  main.o [1]
humidity_pre            0x000047    0x4  Data  Gb  main.o [1]
main                    0x009259   0x9c  Code  Gb  main.o [1]
manual_mode_run         0x00004d    0x1  Data  Gb  main.o [1]
periodic                0x000026    0x2  Data  Gb  main.o [1]
receive                 0x00003d    0x6  Data  Gb  main.o [1]
simpleDelay             0x008f94   0x1a  Code  Gb  main.o [1]
soft_reset              0x000022    0x2  Data  Gb  main.o [1]
temperature             0x000011    0x4  Data  Gb  main.o [1]
temperature_max         0x00001d    0x4  Data  Gb  main.o [1]
temperature_pre         0x000015    0x4  Data  Gb  main.o [1]
temperature_set         0x000019    0x4  Data  Gb  main.o [1]
time                    0x00004f    0x1  Data  Gb  main.o [1]


[1] = C:\Users\thotr\Documents\IAR_Project\Egg_incubator\Debug\Obj
[2] = command line
[3] = dbgstm8smd.a
[4] = dlstm8smn.a

  6 894 bytes of readonly  code memory
    630 bytes of readonly  data memory
    336 bytes of readwrite data memory

Errors: none
Warnings: none
